instrucciones consola git, proyecto index.html mi primer repositorio

flori@LAPTOP-L9TDQ4BH MINGW64 ~/OneDrive/Documentos/Tecnicatura en Programación/Primer Cuatrimestre/Programación 1/Primer repo Git
$ git init
Initialized empty Git repository in C:/Users/flori/OneDrive/Documentos/Tecnicatura en Programación/Primer Cuatrimestre/Programación 1/Primer repo Git/.git/

flori@LAPTOP-L9TDQ4BH MINGW64 ~/OneDrive/Documentos/Tecnicatura en Programación/Primer Cuatrimestre/Programación 1/Primer repo Git (master)
$ git add .

flori@LAPTOP-L9TDQ4BH MINGW64 ~/OneDrive/Documentos/Tecnicatura en Programación/Primer Cuatrimestre/Programación 1/Primer repo Git (master)
$ git commit -m "Proyecto inicial"
Author identity unknown

*** Please tell me who you are.

Run

  git config --global user.email "you@example.com"
  git config --global user.name "Your Name"

to set your account's default identity.
Omit --global to set the identity only in this repository.

fatal: unable to auto-detect email address (got 'flori@LAPTOP-L9TDQ4BH.(none)')

flori@LAPTOP-L9TDQ4BH MINGW64 ~/OneDrive/Documentos/Tecnicatura en Programación/Primer Cuatrimestre/Programación 1/Primer repo Git (master)
$ ^C

flori@LAPTOP-L9TDQ4BH MINGW64 ~/OneDrive/Documentos/Tecnicatura en Programación/Primer Cuatrimestre/Programación 1/Primer repo Git (master)
$ ^C

flori@LAPTOP-L9TDQ4BH MINGW64 ~/OneDrive/Documentos/Tecnicatura en Programación/Primer Cuatrimestre/Programación 1/Primer repo Git (master)
$ git config --global user.email "you@example.com"

flori@LAPTOP-L9TDQ4BH MINGW64 ~/OneDrive/Documentos/Tecnicatura en Programación/Primer Cuatrimestre/Programación 1/Primer repo Git (master)
$ ^[[200~ git config --global user.name "Your Name"
bash: $'\E[200~': command not found

flori@LAPTOP-L9TDQ4BH MINGW64 ~/OneDrive/Documentos/Tecnicatura en Programación/Primer Cuatrimestre/Programación 1/Primer repo Git (master)
$  git config --global user.name "Florencia"

flori@LAPTOP-L9TDQ4BH MINGW64 ~/OneDrive/Documentos/Tecnicatura en Programación/Primer Cuatrimestre/Programación 1/Primer repo Git (master)
$ git commit -m "Proyecto inicial"
[master (root-commit) d8d4b12] Proyecto inicial
 1 file changed, 9 insertions(+)
 create mode 100644 index.html

flori@LAPTOP-L9TDQ4BH MINGW64 ~/OneDrive/Documentos/Tecnicatura en Programación/Primer Cuatrimestre/Programación 1/Primer repo Git (master)
$ git config --global user.email "florenciaanabelintaschi@gmail.com"

flori@LAPTOP-L9TDQ4BH MINGW64 ~/OneDrive/Documentos/Tecnicatura en Programación/Primer Cuatrimestre/Programación 1/Primer repo Git (master)
$  git config --global user.name "Florencia"

flori@LAPTOP-L9TDQ4BH MINGW64 ~/OneDrive/Documentos/Tecnicatura en Programación/Primer Cuatrimestre/Programación 1/Primer repo Git (master)
$ git commit -m "Proyecto inicial"
On branch master
nothing to commit, working tree clean

flori@LAPTOP-L9TDQ4BH MINGW64 ~/OneDrive/Documentos/Tecnicatura en Programación/Primer Cuatrimestre/Programación 1/Primer repo Git (master)
$ git remote add origin https://github.com/Florencia-study/primer-repo-git.git

flori@LAPTOP-L9TDQ4BH MINGW64 ~/OneDrive/Documentos/Tecnicatura en Programación/Primer Cuatrimestre/Programación 1/Primer repo Git (master)
$ git push -u origin master
info: please complete authentication in your browser...
Enumerating objects: 3, done.
Counting objects: 100% (3/3), done.
Delta compression using up to 8 threads
Compressing objects: 100% (2/2), done.
Writing objects: 100% (3/3), 268 bytes | 268.00 KiB/s, done.
Total 3 (delta 0), reused 0 (delta 0), pack-reused 0 (from 0)
To https://github.com/Florencia-study/primer-repo-git.git
 * [new branch]      master -> master
branch 'master' set up to track 'origin/master'.

flori@LAPTOP-L9TDQ4BH MINGW64 ~/OneDrive/Documentos/Tecnicatura en Programación/Primer Cuatrimestre/Programación 1/Primer repo Git (master)
$ git add
Nothing specified, nothing added.
hint: Maybe you wanted to say 'git add .'?
hint: Disable this message with "git config set advice.addEmptyPathspec false"

flori@LAPTOP-L9TDQ4BH MINGW64 ~/OneDrive/Documentos/Tecnicatura en Programación/Primer Cuatrimestre/Programación 1/Primer repo Git (master)
$ git add .

flori@LAPTOP-L9TDQ4BH MINGW64 ~/OneDrive/Documentos/Tecnicatura en Programación/Primer Cuatrimestre/Programación 1/Primer repo Git (master)
$ git commit -m "Agregado un titulo"
[master 9da2da8] Agregado un titulo
 1 file changed, 1 insertion(+), 1 deletion(-)

flori@LAPTOP-L9TDQ4BH MINGW64 ~/OneDrive/Documentos/Tecnicatura en Programación/Primer Cuatrimestre/Programación 1/Primer repo Git (master)
$ git push -u origin master
Enumerating objects: 5, done.
Counting objects: 100% (5/5), done.
Delta compression using up to 8 threads
Compressing objects: 100% (2/2), done.
Writing objects: 100% (3/3), 329 bytes | 329.00 KiB/s, done.
Total 3 (delta 0), reused 0 (delta 0), pack-reused 0 (from 0)
To https://github.com/Florencia-study/primer-repo-git.git
   d8d4b12..9da2da8  master -> master
branch 'master' set up to track 'origin/master'.
